2026-08-19 10:03:54,400 - SIR - INFO - Starting SIR task
2026-08-19 10:04:04,343 - SIR - INFO - Initialized flow model
2026-08-19 10:04:08,005 - SIR - INFO - Initialized flow matching estimator
2026-08-19 10:04:12,492 - SIR - INFO - Starting SFMPE for theta tensor([[0.6351, 0.3707],
        [0.2112, 0.0802],
        [0.0978, 0.0689],
        [0.2307, 0.3703],
        [0.2362, 0.3649],
        [0.7504, 0.1813],
        [0.6308, 0.3916],
        [0.4179, 0.1833],
        [0.0450, 0.0681],
        [0.1920, 0.3167]])
2026-08-19 10:04:12,529 - SIR - DEBUG - tensor([[-0.2674, -0.1958,  0.1798,  0.1343, -0.1885],
        [-0.3087, -0.1691,  0.1466,  0.1656, -0.1935],
        [-0.2523, -0.1760,  0.1139,  0.1487, -0.2283],
        [-0.2497, -0.1792,  0.1185,  0.1547, -0.2053],
        [-0.2609, -0.1413,  0.1061,  0.1552, -0.2022],
        [-0.2982, -0.1757,  0.1419,  0.1509, -0.1984],
        [-0.2579, -0.1864,  0.1137,  0.1456, -0.2222],
        [-0.2865, -0.1789,  0.1703,  0.1516, -0.1770],
        [-0.2461, -0.1358,  0.1701,  0.1436, -0.1870],
        [-0.2779, -0.1675,  0.1538,  0.1689, -0.1884]],
       grad_fn=<ViewBackward0>), tensor([[-0.2662, -0.1855,  0.1685,  0.1577, -0.1936],
        [-0.2944, -0.1756,  0.1581,  0.1622, -0.1934],
        [-0.2833, -0.1684,  0.1391,  0.1529, -0.2023],
        [-0.2513, -0.1750,  0.1169,  0.1588, -0.2140],
        [-0.2734, -0.1834,  0.1513,  0.1424, -0.2044],
        [-0.2934, -0.1686,  0.1373,  0.1568, -0.1965],
        [-0.2650, -0.1714,  0.1138,  0.1530, -0.2082],
        [-0.2345, -0.2018,  0.1334,  0.1481, -0.2047],
        [-0.2401, -0.1405,  0.1722,  0.1353, -0.1754],
        [-0.2832, -0.1719,  0.1527,  0.1665, -0.1900]],
       grad_fn=<ViewBackward0>)
2026-08-19 10:04:12,531 - SIR - INFO - Building posterior...
2026-08-19 10:04:12,531 - SIR - INFO - RoundManager initialized with device: cpu
2026-08-19 10:04:12,532 - SIR - INFO - Task: SIRTask
2026-08-19 10:04:12,532 - SIR - INFO - Estimator: FlowMatchingEstimator
2026-08-19 10:04:12,532 - SIR - INFO - Starting sequential training with 3 rounds
2026-08-19 10:04:12,532 - SIR - INFO - Simulations per round: 10000
2026-08-19 10:04:12,533 - SIR - INFO - Training kwargs: {'path': './models/SIR_latest.pth.tar.gz', 'epochs': 1000, 'show_every': 100}
2026-08-19 10:04:12,533 - SIR - INFO - --- Round 0/3 ---
2026-08-19 10:04:12,533 - SIR - INFO - Starting round 0 with 10000 simulations
2026-08-19 10:04:12,534 - SIR - DEBUG - Proposal distribution: <sfmpe.tasks.SIR.SIRPrior object at 0x000001C4C3D75B10>
2026-08-19 10:04:12,553 - SIR - INFO - 90000 left to sample
2026-08-19 10:04:12,560 - SIR - INFO - 80000 left to sample
2026-08-19 10:04:12,567 - SIR - INFO - 70000 left to sample
2026-08-19 10:04:12,577 - SIR - INFO - 60000 left to sample
2026-08-19 10:04:12,583 - SIR - INFO - 50000 left to sample
2026-08-19 10:04:12,591 - SIR - INFO - 40000 left to sample
2026-08-19 10:04:12,597 - SIR - INFO - 30000 left to sample
2026-08-19 10:04:12,603 - SIR - INFO - 20000 left to sample
2026-08-19 10:04:12,608 - SIR - INFO - 10000 left to sample
2026-08-19 10:04:12,614 - SIR - INFO - 1 left to sample
2026-08-19 10:04:12,620 - SIR - INFO - 0 left to sample
2026-08-19 10:04:12,621 - SIR - DEBUG - 11, torch.Size([10000, 10, 2])
2026-08-19 10:05:28,139 - SIR - INFO - Starting SIR task
2026-08-19 10:05:29,841 - SIR - INFO - Initialized flow model
2026-08-19 10:05:31,894 - SIR - INFO - Initialized flow matching estimator
2026-08-19 10:05:32,623 - SIR - INFO - Starting SFMPE for theta tensor([[2.2384, 0.4614]])
2026-08-19 10:05:32,652 - SIR - DEBUG - tensor([[ 0.1581,  0.0840,  0.1470, -0.0904, -0.2338]],
       grad_fn=<ViewBackward0>), tensor([[ 0.1568,  0.0408,  0.1454, -0.1015, -0.2160]],
       grad_fn=<ViewBackward0>)
2026-08-19 10:05:32,653 - SIR - INFO - Building posterior...
2026-08-19 10:05:32,653 - SIR - INFO - RoundManager initialized with device: cpu
2026-08-19 10:05:32,653 - SIR - INFO - Task: SIRTask
2026-08-19 10:05:32,654 - SIR - INFO - Estimator: FlowMatchingEstimator
2026-08-19 10:05:32,654 - SIR - INFO - Starting sequential training with 3 rounds
2026-08-19 10:05:32,654 - SIR - INFO - Simulations per round: 10000
2026-08-19 10:05:32,655 - SIR - INFO - Training kwargs: {'path': './models/SIR_latest.pth.tar.gz', 'epochs': 1000, 'show_every': 100}
2026-08-19 10:05:32,655 - SIR - INFO - --- Round 0/3 ---
2026-08-19 10:05:32,655 - SIR - INFO - Starting round 0 with 10000 simulations
2026-08-19 10:05:32,655 - SIR - DEBUG - Proposal distribution: <sfmpe.tasks.SIR.SIRPrior object at 0x0000029B05B35AE0>
2026-08-19 10:05:32,659 - SIR - INFO - 0 left to sample
2026-08-19 10:05:32,660 - SIR - DEBUG - 1, torch.Size([10000, 1, 2])
2026-08-19 10:05:32,661 - SIR - DEBUG - x_0 shape torch.Size([1])
2026-08-19 10:05:32,661 - SIR - DEBUG - Sampled 10000 parameters with shape torch.Size([10000, 1, 2])
2026-08-19 10:05:33,067 - SIR - DEBUG - Simulated data with shape: torch.Size([10000, 1, 90, 3])
2026-08-19 10:05:34,024 - SIR - DEBUG - Computed summary statistics with shape: torch.Size([10000, 1, 5])
2026-08-19 10:05:34,050 - SIR - INFO - Round 0 completed - stored 10000 simulations
2026-08-19 10:05:34,261 - SIR - INFO - Training estimator on 10000 samples from rounds: [0]
2026-08-19 10:05:34,261 - SIR - INFO - Training parameters: epochs=1000
2026-08-19 10:05:34,280 - SIR - INFO - Epoch: 0, Loss: 1.1824
2026-08-19 10:05:35,998 - SIR - INFO - Epoch: 100, Loss: 1.0215
2026-08-19 10:05:37,735 - SIR - INFO - Epoch: 200, Loss: 0.7372
2026-08-19 10:05:39,430 - SIR - INFO - Epoch: 300, Loss: 0.5137
2026-08-19 10:05:41,138 - SIR - INFO - Epoch: 400, Loss: 0.4661
2026-08-19 10:05:42,813 - SIR - INFO - Epoch: 500, Loss: 0.4298
2026-08-19 10:05:44,461 - SIR - INFO - Epoch: 600, Loss: 0.4271
2026-08-19 10:05:46,193 - SIR - INFO - Epoch: 700, Loss: 0.4094
2026-08-19 10:05:48,021 - SIR - INFO - Epoch: 800, Loss: 0.3986
2026-08-19 10:05:49,858 - SIR - INFO - Epoch: 900, Loss: 0.3923
2026-08-19 10:05:51,717 - SIR - INFO - Epoch: 1000, Loss: 0.3764
2026-08-19 10:05:51,726 - SIR - INFO - Estimator training completed
2026-08-19 10:05:51,750 - SIR - DEBUG - tensor([[ 0.1568,  0.0408,  0.1454, -0.1015, -0.2160]],
       grad_fn=<ViewBackward0>), tensor([[ 0.1383,  0.0427,  0.1181, -0.0806, -0.2136]],
       grad_fn=<ViewBackward0>)
2026-08-19 10:05:51,751 - SIR - INFO - Building posterior...
2026-08-19 10:05:51,751 - SIR - DEBUG - Built posterior: <sfmpe.inference.sequential.proposal.Proposal object at 0x0000029B288CDBD0>
2026-08-19 10:05:51,752 - SIR - DEBUG - Updating proposal distribution
2026-08-19 10:05:51,752 - SIR - DEBUG - Old proposal: <sfmpe.tasks.SIR.SIRPrior object at 0x0000029B05B35AE0>
2026-08-19 10:05:51,752 - SIR - DEBUG - New proposal: <sfmpe.inference.sequential.proposal.Proposal object at 0x0000029B288CDBD0>
2026-08-19 10:05:51,753 - SIR - INFO - Round 0 completed - Progress: 33.3%
2026-08-19 10:05:51,753 - SIR - INFO - --- Round 1/3 ---
2026-08-19 10:05:51,753 - SIR - INFO - Starting round 1 with 10000 simulations
2026-08-19 10:05:51,753 - SIR - DEBUG - Proposal distribution: <sfmpe.inference.sequential.proposal.Proposal object at 0x0000029B288CDBD0>
2026-08-19 10:05:52,246 - SIR - INFO - 0 left to sample
2026-08-19 10:05:52,247 - SIR - DEBUG - 2, torch.Size([8181, 1, 2])
2026-08-19 10:05:52,248 - SIR - DEBUG - x_0 shape torch.Size([1])
2026-08-19 10:05:52,248 - SIR - DEBUG - Sampled 10000 parameters with shape torch.Size([10000, 1, 2])
2026-08-19 10:05:52,588 - SIR - DEBUG - Simulated data with shape: torch.Size([10000, 1, 90, 3])
2026-08-19 10:05:53,413 - SIR - DEBUG - Computed summary statistics with shape: torch.Size([10000, 1, 5])
2026-08-19 10:05:53,414 - SIR - INFO - Round 1 completed - stored 10000 simulations
2026-08-19 10:05:53,602 - SIR - INFO - Training estimator on 10000 samples from rounds: [1]
2026-08-19 10:05:53,602 - SIR - INFO - Training parameters: epochs=1000
2026-08-19 10:05:53,613 - SIR - INFO - Epoch: 0, Loss: 0.3524
2026-08-19 10:05:55,348 - SIR - INFO - Epoch: 100, Loss: 0.3360
2026-08-19 10:05:57,059 - SIR - INFO - Epoch: 200, Loss: 0.3354
2026-08-19 10:05:58,758 - SIR - INFO - Epoch: 300, Loss: 0.3258
2026-08-19 10:06:00,457 - SIR - INFO - Epoch: 400, Loss: 0.3288
2026-08-19 10:06:02,244 - SIR - INFO - Epoch: 500, Loss: 0.3326
2026-08-19 10:06:03,991 - SIR - INFO - Epoch: 600, Loss: 0.3193
2026-08-19 10:06:05,707 - SIR - INFO - Epoch: 700, Loss: 0.3178
2026-08-19 10:06:07,409 - SIR - INFO - Epoch: 800, Loss: 0.3122
2026-08-19 10:06:09,133 - SIR - INFO - Epoch: 900, Loss: 0.3171
2026-08-19 10:06:10,880 - SIR - INFO - Epoch: 1000, Loss: 0.3086
2026-08-19 10:06:10,888 - SIR - INFO - Estimator training completed
2026-08-19 10:06:10,889 - SIR - INFO - Building posterior...
2026-08-19 10:06:10,889 - SIR - DEBUG - Built posterior: <sfmpe.inference.sequential.proposal.Proposal object at 0x0000029B29441C60>
2026-08-19 10:06:10,889 - SIR - DEBUG - Updating proposal distribution
2026-08-19 10:06:10,890 - SIR - DEBUG - Old proposal: <sfmpe.inference.sequential.proposal.Proposal object at 0x0000029B288CDBD0>
2026-08-19 10:06:10,890 - SIR - DEBUG - New proposal: <sfmpe.inference.sequential.proposal.Proposal object at 0x0000029B29441C60>
2026-08-19 10:06:10,890 - SIR - INFO - Round 1 completed - Progress: 66.7%
2026-08-19 10:06:10,891 - SIR - INFO - --- Round 2/3 ---
2026-08-19 10:06:10,891 - SIR - INFO - Starting round 2 with 10000 simulations
2026-08-19 10:06:10,891 - SIR - DEBUG - Proposal distribution: <sfmpe.inference.sequential.proposal.Proposal object at 0x0000029B29441C60>
2026-08-19 10:06:11,351 - SIR - INFO - 0 left to sample
2026-08-19 10:06:11,352 - SIR - DEBUG - 2, torch.Size([9500, 1, 2])
2026-08-19 10:06:11,352 - SIR - DEBUG - x_0 shape torch.Size([1])
2026-08-19 10:06:11,353 - SIR - DEBUG - Sampled 10000 parameters with shape torch.Size([10000, 1, 2])
2026-08-19 10:06:11,676 - SIR - DEBUG - Simulated data with shape: torch.Size([10000, 1, 90, 3])
2026-08-19 10:06:12,534 - SIR - DEBUG - Computed summary statistics with shape: torch.Size([10000, 1, 5])
2026-08-19 10:06:12,535 - SIR - INFO - Round 2 completed - stored 10000 simulations
2026-08-19 10:06:12,755 - SIR - INFO - Training estimator on 10000 samples from rounds: [2]
2026-08-19 10:06:12,756 - SIR - INFO - Training parameters: epochs=1000
2026-08-19 10:06:12,766 - SIR - INFO - Epoch: 0, Loss: 0.3026
2026-08-19 10:06:14,459 - SIR - INFO - Epoch: 100, Loss: 0.2908
2026-08-19 10:06:16,152 - SIR - INFO - Epoch: 200, Loss: 0.2865
2026-08-19 10:06:17,879 - SIR - INFO - Epoch: 300, Loss: 0.2832
2026-08-19 10:06:19,572 - SIR - INFO - Epoch: 400, Loss: 0.3001
2026-08-19 10:06:21,256 - SIR - INFO - Epoch: 500, Loss: 0.3043
2026-08-19 10:06:22,969 - SIR - INFO - Epoch: 600, Loss: 0.2760
2026-08-19 10:06:24,697 - SIR - INFO - Epoch: 700, Loss: 0.2860
2026-08-19 10:06:26,420 - SIR - INFO - Epoch: 800, Loss: 0.2851
2026-08-19 10:06:28,145 - SIR - INFO - Epoch: 900, Loss: 0.2823
2026-08-19 10:06:29,917 - SIR - INFO - Epoch: 1000, Loss: 0.2813
2026-08-19 10:06:29,926 - SIR - INFO - Estimator training completed
2026-08-19 10:06:29,927 - SIR - INFO - Building posterior...
2026-08-19 10:06:29,927 - SIR - DEBUG - Built posterior: <sfmpe.inference.sequential.proposal.Proposal object at 0x0000029B288CDBD0>
2026-08-19 10:06:29,928 - SIR - DEBUG - Updating proposal distribution
2026-08-19 10:06:29,928 - SIR - DEBUG - Old proposal: <sfmpe.inference.sequential.proposal.Proposal object at 0x0000029B29441C60>
2026-08-19 10:06:29,929 - SIR - DEBUG - New proposal: <sfmpe.inference.sequential.proposal.Proposal object at 0x0000029B288CDBD0>
2026-08-19 10:06:29,929 - SIR - INFO - Round 2 completed - Progress: 100.0%
2026-08-19 10:06:29,929 - SIR - INFO - Sequential training completed successfully
2026-08-19 10:06:29,930 - SIR - INFO - Total simulations: 30000
